2026-07-10 19:10:19,961 | INFO | build_summary_index | created collection 'transcript_summaries'
2026-07-10 19:10:21,077 | INFO | build_summary_index | 0 files already in summary index — will skip
2026-07-10 19:10:21,078 | INFO | build_summary_index | summary index: 9324 tagged files, 9324 to process (rebuild=False, dry_run=True)
2026-07-10 19:10:21,088 | INFO | build_summary_index | summary index summary: ok=9324 failed=0 skipped_empty=0 elapsed=0.0s
2026-07-10 19:10:46,214 | INFO | build_summary_index | collection 'transcript_summaries' already exists
2026-07-10 19:10:46,405 | INFO | build_summary_index | 0 files already in summary index — will skip
2026-07-10 19:10:46,407 | INFO | build_summary_index | summary index: 9324 tagged files, 96 to process (rebuild=False, dry_run=False)
2026-07-10 19:10:53,159 | INFO | build_summary_index | [32/96] indexed (ok=32 failed=0)
2026-07-10 19:10:53,521 | INFO | build_summary_index | [64/96] indexed (ok=64 failed=0)
2026-07-10 19:10:53,875 | INFO | build_summary_index | [96/96] indexed (ok=96 failed=0)
2026-07-10 19:10:53,875 | INFO | build_summary_index | summary index summary: ok=96 failed=0 skipped_empty=0 elapsed=7.5s
2026-07-10 19:11:07,284 | INFO | build_summary_index | collection 'transcript_summaries' already exists
2026-07-10 19:11:07,479 | INFO | build_summary_index | 96 files already in summary index — will skip
2026-07-10 19:11:07,480 | INFO | build_summary_index | summary index: 9324 tagged files, 9228 to process (rebuild=False, dry_run=False)
2026-07-10 19:11:08,060 | INFO | build_summary_index | [32/9228] indexed (ok=32 failed=0)
2026-07-10 19:11:08,422 | INFO | build_summary_index | [64/9228] indexed (ok=64 failed=0)
2026-07-10 19:11:08,788 | INFO | build_summary_index | [96/9228] indexed (ok=96 failed=0)
2026-07-10 19:11:09,140 | INFO | build_summary_index | [128/9228] indexed (ok=128 failed=0)
2026-07-10 19:11:09,502 | INFO | build_summary_index | [160/9228] indexed (ok=160 failed=0)
2026-07-10 19:11:09,874 | INFO | build_summary_index | [192/9228] indexed (ok=192 failed=0)
2026-07-10 19:11:10,220 | INFO | build_summary_index | [224/9228] indexed (ok=224 failed=0)
2026-07-10 19:11:10,571 | INFO | build_summary_index | [256/9228] indexed (ok=256 failed=0)
2026-07-10 19:11:10,920 | INFO | build_summary_index | [288/9228] indexed (ok=288 failed=0)
2026-07-10 19:11:11,260 | INFO | build_summary_index | [320/9228] indexed (ok=320 failed=0)
2026-07-10 19:11:11,608 | INFO | build_summary_index | [352/9228] indexed (ok=352 failed=0)
2026-07-10 19:11:11,960 | INFO | build_summary_index | [384/9228] indexed (ok=384 failed=0)
2026-07-10 19:11:12,307 | INFO | build_summary_index | [416/9228] indexed (ok=416 failed=0)
2026-07-10 19:11:12,655 | INFO | build_summary_index | [448/9228] indexed (ok=448 failed=0)
2026-07-10 19:11:13,001 | INFO | build_summary_index | [480/9228] indexed (ok=480 failed=0)
2026-07-10 19:11:13,350 | INFO | build_summary_index | [512/9228] indexed (ok=512 failed=0)
2026-07-10 19:11:13,703 | INFO | build_summary_index | [544/9228] indexed (ok=544 failed=0)
2026-07-10 19:11:14,053 | INFO | build_summary_index | [576/9228] indexed (ok=576 failed=0)
2026-07-10 19:11:14,410 | INFO | build_summary_index | [608/9228] indexed (ok=608 failed=0)
2026-07-10 19:11:14,762 | INFO | build_summary_index | [640/9228] indexed (ok=640 failed=0)
2026-07-10 19:11:15,110 | INFO | build_summary_index | [672/9228] indexed (ok=672 failed=0)
2026-07-10 19:11:15,460 | INFO | build_summary_index | [704/9228] indexed (ok=704 failed=0)
2026-07-10 19:11:15,809 | INFO | build_summary_index | [736/9228] indexed (ok=736 failed=0)
2026-07-10 19:11:16,168 | INFO | build_summary_index | [768/9228] indexed (ok=768 failed=0)
2026-07-10 19:11:16,517 | INFO | build_summary_index | [800/9228] indexed (ok=800 failed=0)
2026-07-10 19:11:16,866 | INFO | build_summary_index | [832/9228] indexed (ok=832 failed=0)
2026-07-10 19:11:17,216 | INFO | build_summary_index | [864/9228] indexed (ok=864 failed=0)
2026-07-10 19:11:17,567 | INFO | build_summary_index | [896/9228] indexed (ok=896 failed=0)
2026-07-10 19:11:17,913 | INFO | build_summary_index | [928/9228] indexed (ok=928 failed=0)
2026-07-10 19:11:18,264 | INFO | build_summary_index | [960/9228] indexed (ok=960 failed=0)
2026-07-10 19:11:18,616 | INFO | build_summary_index | [992/9228] indexed (ok=992 failed=0)
2026-07-10 19:11:18,963 | INFO | build_summary_index | [1024/9228] indexed (ok=1024 failed=0)
2026-07-10 19:11:19,333 | INFO | build_summary_index | [1056/9228] indexed (ok=1056 failed=0)
2026-07-10 19:11:19,680 | INFO | build_summary_index | [1088/9228] indexed (ok=1088 failed=0)
2026-07-10 19:11:20,032 | INFO | build_summary_index | [1120/9228] indexed (ok=1120 failed=0)
2026-07-10 19:11:20,387 | INFO | build_summary_index | [1152/9228] indexed (ok=1152 failed=0)
2026-07-10 19:11:20,728 | INFO | build_summary_index | [1184/9228] indexed (ok=1184 failed=0)
2026-07-10 19:11:21,073 | INFO | build_summary_index | [1216/9228] indexed (ok=1216 failed=0)
2026-07-10 19:11:21,419 | INFO | build_summary_index | [1248/9228] indexed (ok=1248 failed=0)
2026-07-10 19:11:21,767 | INFO | build_summary_index | [1280/9228] indexed (ok=1280 failed=0)
2026-07-10 19:11:22,107 | INFO | build_summary_index | [1312/9228] indexed (ok=1312 failed=0)
2026-07-10 19:11:22,455 | INFO | build_summary_index | [1344/9228] indexed (ok=1344 failed=0)
2026-07-10 19:11:22,815 | INFO | build_summary_index | [1376/9228] indexed (ok=1376 failed=0)
2026-07-10 19:11:23,156 | INFO | build_summary_index | [1408/9228] indexed (ok=1408 failed=0)
2026-07-10 19:11:23,512 | INFO | build_summary_index | [1440/9228] indexed (ok=1440 failed=0)
2026-07-10 19:11:23,863 | INFO | build_summary_index | [1472/9228] indexed (ok=1472 failed=0)
2026-07-10 19:11:24,326 | INFO | build_summary_index | [1504/9228] indexed (ok=1504 failed=0)
2026-07-10 19:11:24,926 | INFO | build_summary_index | [1536/9228] indexed (ok=1536 failed=0)
2026-07-10 19:11:25,304 | INFO | build_summary_index | [1568/9228] indexed (ok=1568 failed=0)
2026-07-10 19:11:25,667 | INFO | build_summary_index | [1600/9228] indexed (ok=1600 failed=0)
2026-07-10 19:11:26,021 | INFO | build_summary_index | [1632/9228] indexed (ok=1632 failed=0)
2026-07-10 19:11:26,373 | INFO | build_summary_index | [1664/9228] indexed (ok=1664 failed=0)
2026-07-10 19:11:28,323 | INFO | build_summary_index | [1696/9228] indexed (ok=1696 failed=0)
2026-07-10 19:11:28,674 | INFO | build_summary_index | [1728/9228] indexed (ok=1728 failed=0)
2026-07-10 19:11:29,023 | INFO | build_summary_index | [1760/9228] indexed (ok=1760 failed=0)
2026-07-10 19:11:29,381 | INFO | build_summary_index | [1792/9228] indexed (ok=1792 failed=0)
2026-07-10 19:11:29,736 | INFO | build_summary_index | [1824/9228] indexed (ok=1824 failed=0)
2026-07-10 19:11:30,096 | INFO | build_summary_index | [1856/9228] indexed (ok=1856 failed=0)
2026-07-10 19:11:30,458 | INFO | build_summary_index | [1888/9228] indexed (ok=1888 failed=0)
2026-07-10 19:11:30,816 | INFO | build_summary_index | [1920/9228] indexed (ok=1920 failed=0)
2026-07-10 19:11:31,167 | INFO | build_summary_index | [1952/9228] indexed (ok=1952 failed=0)
2026-07-10 19:11:31,519 | INFO | build_summary_index | [1984/9228] indexed (ok=1984 failed=0)
2026-07-10 19:11:31,871 | INFO | build_summary_index | [2016/9228] indexed (ok=2016 failed=0)
2026-07-10 19:11:32,606 | INFO | build_summary_index | [2048/9228] indexed (ok=2048 failed=0)
2026-07-10 19:11:32,962 | INFO | build_summary_index | [2080/9228] indexed (ok=2080 failed=0)
2026-07-10 19:11:33,320 | INFO | build_summary_index | [2112/9228] indexed (ok=2112 failed=0)
2026-07-10 19:11:33,672 | INFO | build_summary_index | [2144/9228] indexed (ok=2144 failed=0)
2026-07-10 19:11:34,018 | INFO | build_summary_index | [2176/9228] indexed (ok=2176 failed=0)
2026-07-10 19:11:34,368 | INFO | build_summary_index | [2208/9228] indexed (ok=2208 failed=0)
2026-07-10 19:11:34,717 | INFO | build_summary_index | [2240/9228] indexed (ok=2240 failed=0)
2026-07-10 19:11:35,066 | INFO | build_summary_index | [2272/9228] indexed (ok=2272 failed=0)
2026-07-10 19:11:35,419 | INFO | build_summary_index | [2304/9228] indexed (ok=2304 failed=0)
2026-07-10 19:11:35,776 | INFO | build_summary_index | [2336/9228] indexed (ok=2336 failed=0)
2026-07-10 19:11:36,122 | INFO | build_summary_index | [2368/9228] indexed (ok=2368 failed=0)
2026-07-10 19:11:36,476 | INFO | build_summary_index | [2400/9228] indexed (ok=2400 failed=0)
2026-07-10 19:11:36,823 | INFO | build_summary_index | [2432/9228] indexed (ok=2432 failed=0)
2026-07-10 19:11:37,178 | INFO | build_summary_index | [2464/9228] indexed (ok=2464 failed=0)
2026-07-10 19:11:37,533 | INFO | build_summary_index | [2496/9228] indexed (ok=2496 failed=0)
2026-07-10 19:11:37,884 | INFO | build_summary_index | [2528/9228] indexed (ok=2528 failed=0)
2026-07-10 19:11:38,236 | INFO | build_summary_index | [2560/9228] indexed (ok=2560 failed=0)
2026-07-10 19:11:38,588 | INFO | build_summary_index | [2592/9228] indexed (ok=2592 failed=0)
2026-07-10 19:11:38,939 | INFO | build_summary_index | [2624/9228] indexed (ok=2624 failed=0)
2026-07-10 19:11:39,299 | INFO | build_summary_index | [2656/9228] indexed (ok=2656 failed=0)
2026-07-10 19:11:39,653 | INFO | build_summary_index | [2688/9228] indexed (ok=2688 failed=0)
2026-07-10 19:11:40,013 | INFO | build_summary_index | [2720/9228] indexed (ok=2720 failed=0)
2026-07-10 19:11:40,365 | INFO | build_summary_index | [2752/9228] indexed (ok=2752 failed=0)
2026-07-10 19:11:40,710 | INFO | build_summary_index | [2784/9228] indexed (ok=2784 failed=0)
2026-07-10 19:11:41,062 | INFO | build_summary_index | [2816/9228] indexed (ok=2816 failed=0)
2026-07-10 19:11:41,408 | INFO | build_summary_index | [2848/9228] indexed (ok=2848 failed=0)
2026-07-10 19:11:41,753 | INFO | build_summary_index | [2880/9228] indexed (ok=2880 failed=0)
2026-07-10 19:11:42,102 | INFO | build_summary_index | [2912/9228] indexed (ok=2912 failed=0)
2026-07-10 19:11:42,452 | INFO | build_summary_index | [2944/9228] indexed (ok=2944 failed=0)
2026-07-10 19:11:42,802 | INFO | build_summary_index | [2976/9228] indexed (ok=2976 failed=0)
2026-07-10 19:11:43,152 | INFO | build_summary_index | [3008/9228] indexed (ok=3008 failed=0)
2026-07-10 19:11:43,504 | INFO | build_summary_index | [3040/9228] indexed (ok=3040 failed=0)
2026-07-10 19:11:43,854 | INFO | build_summary_index | [3072/9228] indexed (ok=3072 failed=0)
2026-07-10 19:11:44,206 | INFO | build_summary_index | [3104/9228] indexed (ok=3104 failed=0)
2026-07-10 19:11:44,561 | INFO | build_summary_index | [3136/9228] indexed (ok=3136 failed=0)
2026-07-10 19:11:44,918 | INFO | build_summary_index | [3168/9228] indexed (ok=3168 failed=0)
2026-07-10 19:11:45,268 | INFO | build_summary_index | [3200/9228] indexed (ok=3200 failed=0)
2026-07-10 19:11:45,625 | INFO | build_summary_index | [3232/9228] indexed (ok=3232 failed=0)
2026-07-10 19:11:45,974 | INFO | build_summary_index | [3264/9228] indexed (ok=3264 failed=0)
2026-07-10 19:11:46,322 | INFO | build_summary_index | [3296/9228] indexed (ok=3296 failed=0)
2026-07-10 19:11:46,664 | INFO | build_summary_index | [3328/9228] indexed (ok=3328 failed=0)
2026-07-10 19:11:47,015 | INFO | build_summary_index | [3360/9228] indexed (ok=3360 failed=0)
2026-07-10 19:11:47,365 | INFO | build_summary_index | [3392/9228] indexed (ok=3392 failed=0)
2026-07-10 19:11:47,723 | INFO | build_summary_index | [3424/9228] indexed (ok=3424 failed=0)
2026-07-10 19:11:48,069 | INFO | build_summary_index | [3456/9228] indexed (ok=3456 failed=0)
2026-07-10 19:11:48,416 | INFO | build_summary_index | [3488/9228] indexed (ok=3488 failed=0)
2026-07-10 19:11:48,770 | INFO | build_summary_index | [3520/9228] indexed (ok=3520 failed=0)
2026-07-10 19:11:49,124 | INFO | build_summary_index | [3552/9228] indexed (ok=3552 failed=0)
2026-07-10 19:11:49,480 | INFO | build_summary_index | [3584/9228] indexed (ok=3584 failed=0)
2026-07-10 19:11:49,838 | INFO | build_summary_index | [3616/9228] indexed (ok=3616 failed=0)
2026-07-10 19:11:50,203 | INFO | build_summary_index | [3648/9228] indexed (ok=3648 failed=0)
2026-07-10 19:11:50,555 | INFO | build_summary_index | [3680/9228] indexed (ok=3680 failed=0)
2026-07-10 19:11:50,909 | INFO | build_summary_index | [3712/9228] indexed (ok=3712 failed=0)
2026-07-10 19:11:51,255 | INFO | build_summary_index | [3744/9228] indexed (ok=3744 failed=0)
2026-07-10 19:11:51,610 | INFO | build_summary_index | [3776/9228] indexed (ok=3776 failed=0)
2026-07-10 19:11:51,959 | INFO | build_summary_index | [3808/9228] indexed (ok=3808 failed=0)
2026-07-10 19:11:52,302 | INFO | build_summary_index | [3840/9228] indexed (ok=3840 failed=0)
2026-07-10 19:11:52,651 | INFO | build_summary_index | [3872/9228] indexed (ok=3872 failed=0)
2026-07-10 19:11:53,005 | INFO | build_summary_index | [3904/9228] indexed (ok=3904 failed=0)
2026-07-10 19:11:53,352 | INFO | build_summary_index | [3936/9228] indexed (ok=3936 failed=0)
2026-07-10 19:11:53,709 | INFO | build_summary_index | [3968/9228] indexed (ok=3968 failed=0)
2026-07-10 19:11:54,054 | INFO | build_summary_index | [4000/9228] indexed (ok=4000 failed=0)
2026-07-10 19:11:54,411 | INFO | build_summary_index | [4032/9228] indexed (ok=4032 failed=0)
2026-07-10 19:11:54,770 | INFO | build_summary_index | [4064/9228] indexed (ok=4064 failed=0)
2026-07-10 19:11:55,135 | INFO | build_summary_index | [4096/9228] indexed (ok=4096 failed=0)
2026-07-10 19:11:55,495 | INFO | build_summary_index | [4128/9228] indexed (ok=4128 failed=0)
2026-07-10 19:11:55,852 | INFO | build_summary_index | [4160/9228] indexed (ok=4160 failed=0)
2026-07-10 19:11:56,196 | INFO | build_summary_index | [4192/9228] indexed (ok=4192 failed=0)
2026-07-10 19:11:56,550 | INFO | build_summary_index | [4224/9228] indexed (ok=4224 failed=0)
2026-07-10 19:11:56,903 | INFO | build_summary_index | [4256/9228] indexed (ok=4256 failed=0)
2026-07-10 19:11:57,252 | INFO | build_summary_index | [4288/9228] indexed (ok=4288 failed=0)
2026-07-10 19:11:57,609 | INFO | build_summary_index | [4320/9228] indexed (ok=4320 failed=0)
2026-07-10 19:11:57,959 | INFO | build_summary_index | [4352/9228] indexed (ok=4352 failed=0)
2026-07-10 19:11:59,827 | INFO | build_summary_index | [4384/9228] indexed (ok=4384 failed=0)
2026-07-10 19:12:00,178 | INFO | build_summary_index | [4416/9228] indexed (ok=4416 failed=0)
2026-07-10 19:12:00,537 | INFO | build_summary_index | [4448/9228] indexed (ok=4448 failed=0)
2026-07-10 19:12:00,891 | INFO | build_summary_index | [4480/9228] indexed (ok=4480 failed=0)
2026-07-10 19:12:01,240 | INFO | build_summary_index | [4512/9228] indexed (ok=4512 failed=0)
2026-07-10 19:12:01,591 | INFO | build_summary_index | [4544/9228] indexed (ok=4544 failed=0)
2026-07-10 19:12:01,951 | INFO | build_summary_index | [4576/9228] indexed (ok=4576 failed=0)
2026-07-10 19:12:02,310 | INFO | build_summary_index | [4608/9228] indexed (ok=4608 failed=0)
2026-07-10 19:12:02,666 | INFO | build_summary_index | [4640/9228] indexed (ok=4640 failed=0)
2026-07-10 19:12:03,026 | INFO | build_summary_index | [4672/9228] indexed (ok=4672 failed=0)
2026-07-10 19:12:03,378 | INFO | build_summary_index | [4704/9228] indexed (ok=4704 failed=0)
2026-07-10 19:12:03,724 | INFO | build_summary_index | [4736/9228] indexed (ok=4736 failed=0)
2026-07-10 19:12:04,078 | INFO | build_summary_index | [4768/9228] indexed (ok=4768 failed=0)
2026-07-10 19:12:04,426 | INFO | build_summary_index | [4800/9228] indexed (ok=4800 failed=0)
2026-07-10 19:12:04,777 | INFO | build_summary_index | [4832/9228] indexed (ok=4832 failed=0)
2026-07-10 19:12:05,127 | INFO | build_summary_index | [4864/9228] indexed (ok=4864 failed=0)
2026-07-10 19:12:05,478 | INFO | build_summary_index | [4896/9228] indexed (ok=4896 failed=0)
2026-07-10 19:12:05,830 | INFO | build_summary_index | [4928/9228] indexed (ok=4928 failed=0)
2026-07-10 19:12:06,179 | INFO | build_summary_index | [4960/9228] indexed (ok=4960 failed=0)
2026-07-10 19:12:06,530 | INFO | build_summary_index | [4992/9228] indexed (ok=4992 failed=0)
2026-07-10 19:12:06,892 | INFO | build_summary_index | [5024/9228] indexed (ok=5024 failed=0)
2026-07-10 19:12:07,242 | INFO | build_summary_index | [5056/9228] indexed (ok=5056 failed=0)
2026-07-10 19:12:07,598 | INFO | build_summary_index | [5088/9228] indexed (ok=5088 failed=0)
2026-07-10 19:12:07,946 | INFO | build_summary_index | [5120/9228] indexed (ok=5120 failed=0)
2026-07-10 19:12:08,294 | INFO | build_summary_index | [5152/9228] indexed (ok=5152 failed=0)
2026-07-10 19:12:08,639 | INFO | build_summary_index | [5184/9228] indexed (ok=5184 failed=0)
2026-07-10 19:12:08,992 | INFO | build_summary_index | [5216/9228] indexed (ok=5216 failed=0)
2026-07-10 19:12:09,353 | INFO | build_summary_index | [5248/9228] indexed (ok=5248 failed=0)
2026-07-10 19:12:09,701 | INFO | build_summary_index | [5280/9228] indexed (ok=5280 failed=0)
2026-07-10 19:12:10,054 | INFO | build_summary_index | [5312/9228] indexed (ok=5312 failed=0)
2026-07-10 19:12:10,407 | INFO | build_summary_index | [5344/9228] indexed (ok=5344 failed=0)
2026-07-10 19:12:10,753 | INFO | build_summary_index | [5376/9228] indexed (ok=5376 failed=0)
2026-07-10 19:12:11,107 | INFO | build_summary_index | [5408/9228] indexed (ok=5408 failed=0)
2026-07-10 19:12:11,453 | INFO | build_summary_index | [5440/9228] indexed (ok=5440 failed=0)
2026-07-10 19:12:11,803 | INFO | build_summary_index | [5472/9228] indexed (ok=5472 failed=0)
2026-07-10 19:12:12,160 | INFO | build_summary_index | [5504/9228] indexed (ok=5504 failed=0)
2026-07-10 19:12:12,513 | INFO | build_summary_index | [5536/9228] indexed (ok=5536 failed=0)
2026-07-10 19:12:12,866 | INFO | build_summary_index | [5568/9228] indexed (ok=5568 failed=0)
2026-07-10 19:12:13,214 | INFO | build_summary_index | [5600/9228] indexed (ok=5600 failed=0)
2026-07-10 19:12:13,559 | INFO | build_summary_index | [5632/9228] indexed (ok=5632 failed=0)
2026-07-10 19:12:13,903 | INFO | build_summary_index | [5664/9228] indexed (ok=5664 failed=0)
2026-07-10 19:12:14,248 | INFO | build_summary_index | [5696/9228] indexed (ok=5696 failed=0)
2026-07-10 19:12:14,596 | INFO | build_summary_index | [5728/9228] indexed (ok=5728 failed=0)
2026-07-10 19:12:14,956 | INFO | build_summary_index | [5760/9228] indexed (ok=5760 failed=0)
2026-07-10 19:12:15,302 | INFO | build_summary_index | [5792/9228] indexed (ok=5792 failed=0)
2026-07-10 19:12:15,645 | INFO | build_summary_index | [5824/9228] indexed (ok=5824 failed=0)
2026-07-10 19:12:15,988 | INFO | build_summary_index | [5856/9228] indexed (ok=5856 failed=0)
2026-07-10 19:12:16,341 | INFO | build_summary_index | [5888/9228] indexed (ok=5888 failed=0)
2026-07-10 19:12:16,694 | INFO | build_summary_index | [5920/9228] indexed (ok=5920 failed=0)
2026-07-10 19:12:17,048 | INFO | build_summary_index | [5952/9228] indexed (ok=5952 failed=0)
2026-07-10 19:12:17,396 | INFO | build_summary_index | [5984/9228] indexed (ok=5984 failed=0)
2026-07-10 19:12:17,748 | INFO | build_summary_index | [6016/9228] indexed (ok=6016 failed=0)
2026-07-10 19:12:18,104 | INFO | build_summary_index | [6048/9228] indexed (ok=6048 failed=0)
2026-07-10 19:12:18,447 | INFO | build_summary_index | [6080/9228] indexed (ok=6080 failed=0)
2026-07-10 19:12:18,801 | INFO | build_summary_index | [6112/9228] indexed (ok=6112 failed=0)
2026-07-10 19:12:19,157 | INFO | build_summary_index | [6144/9228] indexed (ok=6144 failed=0)
2026-07-10 19:12:19,510 | INFO | build_summary_index | [6176/9228] indexed (ok=6176 failed=0)
2026-07-10 19:12:19,866 | INFO | build_summary_index | [6208/9228] indexed (ok=6208 failed=0)
2026-07-10 19:12:20,228 | INFO | build_summary_index | [6240/9228] indexed (ok=6240 failed=0)
2026-07-10 19:12:20,579 | INFO | build_summary_index | [6272/9228] indexed (ok=6272 failed=0)
2026-07-10 19:12:20,956 | INFO | build_summary_index | [6304/9228] indexed (ok=6304 failed=0)
2026-07-10 19:12:21,303 | INFO | build_summary_index | [6336/9228] indexed (ok=6336 failed=0)
2026-07-10 19:12:21,660 | INFO | build_summary_index | [6368/9228] indexed (ok=6368 failed=0)
2026-07-10 19:12:22,022 | INFO | build_summary_index | [6400/9228] indexed (ok=6400 failed=0)
2026-07-10 19:12:22,369 | INFO | build_summary_index | [6432/9228] indexed (ok=6432 failed=0)
2026-07-10 19:12:22,726 | INFO | build_summary_index | [6464/9228] indexed (ok=6464 failed=0)
2026-07-10 19:12:23,079 | INFO | build_summary_index | [6496/9228] indexed (ok=6496 failed=0)
2026-07-10 19:12:23,430 | INFO | build_summary_index | [6528/9228] indexed (ok=6528 failed=0)
2026-07-10 19:12:23,783 | INFO | build_summary_index | [6560/9228] indexed (ok=6560 failed=0)
2026-07-10 19:12:24,135 | INFO | build_summary_index | [6592/9228] indexed (ok=6592 failed=0)
2026-07-10 19:12:24,489 | INFO | build_summary_index | [6624/9228] indexed (ok=6624 failed=0)
2026-07-10 19:12:24,844 | INFO | build_summary_index | [6656/9228] indexed (ok=6656 failed=0)
2026-07-10 19:12:25,202 | INFO | build_summary_index | [6688/9228] indexed (ok=6688 failed=0)
2026-07-10 19:12:25,552 | INFO | build_summary_index | [6720/9228] indexed (ok=6720 failed=0)
2026-07-10 19:12:25,904 | INFO | build_summary_index | [6752/9228] indexed (ok=6752 failed=0)
2026-07-10 19:12:26,255 | INFO | build_summary_index | [6784/9228] indexed (ok=6784 failed=0)
2026-07-10 19:12:26,601 | INFO | build_summary_index | [6816/9228] indexed (ok=6816 failed=0)
2026-07-10 19:12:26,959 | INFO | build_summary_index | [6848/9228] indexed (ok=6848 failed=0)
2026-07-10 19:12:27,313 | INFO | build_summary_index | [6880/9228] indexed (ok=6880 failed=0)
2026-07-10 19:12:27,671 | INFO | build_summary_index | [6912/9228] indexed (ok=6912 failed=0)
2026-07-10 19:12:28,021 | INFO | build_summary_index | [6944/9228] indexed (ok=6944 failed=0)
2026-07-10 19:12:28,382 | INFO | build_summary_index | [6976/9228] indexed (ok=6976 failed=0)
2026-07-10 19:12:28,738 | INFO | build_summary_index | [7008/9228] indexed (ok=7008 failed=0)
2026-07-10 19:12:29,095 | INFO | build_summary_index | [7040/9228] indexed (ok=7040 failed=0)
2026-07-10 19:12:29,447 | INFO | build_summary_index | [7072/9228] indexed (ok=7072 failed=0)
2026-07-10 19:12:31,316 | INFO | build_summary_index | [7104/9228] indexed (ok=7104 failed=0)
2026-07-10 19:12:31,672 | INFO | build_summary_index | [7136/9228] indexed (ok=7136 failed=0)
2026-07-10 19:12:32,018 | INFO | build_summary_index | [7168/9228] indexed (ok=7168 failed=0)
2026-07-10 19:12:32,372 | INFO | build_summary_index | [7200/9228] indexed (ok=7200 failed=0)
2026-07-10 19:12:32,725 | INFO | build_summary_index | [7232/9228] indexed (ok=7232 failed=0)
2026-07-10 19:12:33,079 | INFO | build_summary_index | [7264/9228] indexed (ok=7264 failed=0)
2026-07-10 19:12:33,438 | INFO | build_summary_index | [7296/9228] indexed (ok=7296 failed=0)
2026-07-10 19:12:33,794 | INFO | build_summary_index | [7328/9228] indexed (ok=7328 failed=0)
2026-07-10 19:12:34,149 | INFO | build_summary_index | [7360/9228] indexed (ok=7360 failed=0)
2026-07-10 19:12:34,500 | INFO | build_summary_index | [7392/9228] indexed (ok=7392 failed=0)
2026-07-10 19:12:34,844 | INFO | build_summary_index | [7424/9228] indexed (ok=7424 failed=0)
2026-07-10 19:12:35,199 | INFO | build_summary_index | [7456/9228] indexed (ok=7456 failed=0)
2026-07-10 19:12:35,544 | INFO | build_summary_index | [7488/9228] indexed (ok=7488 failed=0)
2026-07-10 19:12:35,889 | INFO | build_summary_index | [7520/9228] indexed (ok=7520 failed=0)
2026-07-10 19:12:36,245 | INFO | build_summary_index | [7552/9228] indexed (ok=7552 failed=0)
2026-07-10 19:12:36,591 | INFO | build_summary_index | [7584/9228] indexed (ok=7584 failed=0)
2026-07-10 19:12:36,953 | INFO | build_summary_index | [7616/9228] indexed (ok=7616 failed=0)
2026-07-10 19:12:37,305 | INFO | build_summary_index | [7648/9228] indexed (ok=7648 failed=0)
2026-07-10 19:12:37,653 | INFO | build_summary_index | [7680/9228] indexed (ok=7680 failed=0)
2026-07-10 19:12:38,007 | INFO | build_summary_index | [7712/9228] indexed (ok=7712 failed=0)
2026-07-10 19:12:38,375 | INFO | build_summary_index | [7744/9228] indexed (ok=7744 failed=0)
2026-07-10 19:12:38,739 | INFO | build_summary_index | [7776/9228] indexed (ok=7776 failed=0)
2026-07-10 19:12:39,098 | INFO | build_summary_index | [7808/9228] indexed (ok=7808 failed=0)
2026-07-10 19:12:39,450 | INFO | build_summary_index | [7840/9228] indexed (ok=7840 failed=0)
2026-07-10 19:12:39,805 | INFO | build_summary_index | [7872/9228] indexed (ok=7872 failed=0)
2026-07-10 19:12:40,160 | INFO | build_summary_index | [7904/9228] indexed (ok=7904 failed=0)
2026-07-10 19:12:40,512 | INFO | build_summary_index | [7936/9228] indexed (ok=7936 failed=0)
2026-07-10 19:12:40,858 | INFO | build_summary_index | [7968/9228] indexed (ok=7968 failed=0)
2026-07-10 19:12:41,208 | INFO | build_summary_index | [8000/9228] indexed (ok=8000 failed=0)
2026-07-10 19:12:41,555 | INFO | build_summary_index | [8032/9228] indexed (ok=8032 failed=0)
2026-07-10 19:12:41,909 | INFO | build_summary_index | [8064/9228] indexed (ok=8064 failed=0)
2026-07-10 19:12:42,268 | INFO | build_summary_index | [8096/9228] indexed (ok=8096 failed=0)
2026-07-10 19:12:42,627 | INFO | build_summary_index | [8128/9228] indexed (ok=8128 failed=0)
2026-07-10 19:12:42,980 | INFO | build_summary_index | [8160/9228] indexed (ok=8160 failed=0)
2026-07-10 19:12:43,334 | INFO | build_summary_index | [8192/9228] indexed (ok=8192 failed=0)
2026-07-10 19:12:43,685 | INFO | build_summary_index | [8224/9228] indexed (ok=8224 failed=0)
2026-07-10 19:12:44,056 | INFO | build_summary_index | [8256/9228] indexed (ok=8256 failed=0)
2026-07-10 19:12:44,412 | INFO | build_summary_index | [8288/9228] indexed (ok=8288 failed=0)
2026-07-10 19:12:44,760 | INFO | build_summary_index | [8320/9228] indexed (ok=8320 failed=0)
2026-07-10 19:12:45,116 | INFO | build_summary_index | [8352/9228] indexed (ok=8352 failed=0)
2026-07-10 19:12:45,466 | INFO | build_summary_index | [8384/9228] indexed (ok=8384 failed=0)
2026-07-10 19:12:45,821 | INFO | build_summary_index | [8416/9228] indexed (ok=8416 failed=0)
2026-07-10 19:12:46,177 | INFO | build_summary_index | [8448/9228] indexed (ok=8448 failed=0)
2026-07-10 19:12:46,530 | INFO | build_summary_index | [8480/9228] indexed (ok=8480 failed=0)
2026-07-10 19:12:46,879 | INFO | build_summary_index | [8512/9228] indexed (ok=8512 failed=0)
2026-07-10 19:12:47,233 | INFO | build_summary_index | [8544/9228] indexed (ok=8544 failed=0)
2026-07-10 19:12:47,586 | INFO | build_summary_index | [8576/9228] indexed (ok=8576 failed=0)
2026-07-10 19:12:47,943 | INFO | build_summary_index | [8608/9228] indexed (ok=8608 failed=0)
2026-07-10 19:12:48,299 | INFO | build_summary_index | [8640/9228] indexed (ok=8640 failed=0)
2026-07-10 19:12:48,649 | INFO | build_summary_index | [8672/9228] indexed (ok=8672 failed=0)
2026-07-10 19:12:49,000 | INFO | build_summary_index | [8704/9228] indexed (ok=8704 failed=0)
2026-07-10 19:12:49,360 | INFO | build_summary_index | [8736/9228] indexed (ok=8736 failed=0)
2026-07-10 19:12:49,717 | INFO | build_summary_index | [8768/9228] indexed (ok=8768 failed=0)
2026-07-10 19:12:50,067 | INFO | build_summary_index | [8800/9228] indexed (ok=8800 failed=0)
2026-07-10 19:12:50,422 | INFO | build_summary_index | [8832/9228] indexed (ok=8832 failed=0)
2026-07-10 19:12:50,772 | INFO | build_summary_index | [8864/9228] indexed (ok=8864 failed=0)
2026-07-10 19:12:51,129 | INFO | build_summary_index | [8896/9228] indexed (ok=8896 failed=0)
2026-07-10 19:12:51,477 | INFO | build_summary_index | [8928/9228] indexed (ok=8928 failed=0)
2026-07-10 19:12:51,841 | INFO | build_summary_index | [8960/9228] indexed (ok=8960 failed=0)
2026-07-10 19:12:52,188 | INFO | build_summary_index | [8992/9228] indexed (ok=8992 failed=0)
2026-07-10 19:12:52,541 | INFO | build_summary_index | [9024/9228] indexed (ok=9024 failed=0)
2026-07-10 19:12:52,901 | INFO | build_summary_index | [9056/9228] indexed (ok=9056 failed=0)
2026-07-10 19:12:53,252 | INFO | build_summary_index | [9088/9228] indexed (ok=9088 failed=0)
2026-07-10 19:12:53,597 | INFO | build_summary_index | [9120/9228] indexed (ok=9120 failed=0)
2026-07-10 19:12:53,961 | INFO | build_summary_index | [9152/9228] indexed (ok=9152 failed=0)
2026-07-10 19:12:54,323 | INFO | build_summary_index | [9184/9228] indexed (ok=9184 failed=0)
2026-07-10 19:12:54,678 | INFO | build_summary_index | [9216/9228] indexed (ok=9216 failed=0)
2026-07-10 19:12:54,842 | INFO | build_summary_index | [9228/9228] indexed (ok=9228 failed=0)
2026-07-10 19:12:54,843 | INFO | build_summary_index | summary index summary: ok=9228 failed=0 skipped_empty=0 elapsed=102.7s
